==================================================================
[2026-09-03 09:20:54 PDT] run.sh optflow US.TSLA --width 5
==================================================================
[2026-09-03 09:21:09 PDT] run.sh optflow US.TSLA --width 5
[1m
premkt 部署自检   2026-09-03 12:21:10 Thu ET[0m
[32m  ✓ [0mOpenD 进程在跑 (pid 1428)
[32m  ✓ [0m127.0.0.1:11111 可连接
2026-09-03 09:21:10,723 | 34815 | 8454889856 | [open_context_base.py:411] _init_connect_sync: New connect ready: conn=7501313351756248602(1) context=<futu.quote.open_quote_context.OpenQuoteContext object at 0x1311d54c0>
[32m  ✓ [0m连接握手 0.00s   market_us=AFTERNOON
[32m  ✓ [0m行情已登录   交易登录=True
[32m  ✓ [0m订阅额度 剩余 99/100，期权 20/20
[32m  ✓ [0m快照可用   US.SPY = 772.68   更新于 2026-09-03 12:21:05
[32m  ✓ [0m数据新鲜度校验通过（prev_close 对齐 2026-09-02 收盘）
[32m  ✓ [0m时段 regular：盘中 —— 全部工具可用
[32m
就绪。[0m
2026-09-03 09:21:10,933 | 34815 | 13188116480 | [open_context_base.py:521] on_disconnect: Disconnected: conn=0(1) reason=CallClose
2026-09-03 09:21:11,833 | 34817 | 8454889856 | [open_context_base.py:411] _init_connect_sync: New connect ready: conn=7501313356419525620(1) context=<futu.quote.open_quote_context.OpenQuoteContext object at 0x16838b5f0>
[1m
US.TSLA  现价 383.02   到期 2026-09-04 (1DTE)   09-03 12:21 ET[0m
[2m────────────────────────────────────────────────────────────────────────────────────────────────[0m
  Call Wall  [32m400.0[0m  持仓 18.8K   距现价 +4.4%
  Put  Wall  [31m370.0[0m  持仓 2.5K   距现价 -3.4%
  [1m今日成交墙[0m  CALL [32m400.0[0m 成交 101.5K (距现价 +4.4%)   PUT [31m370.0[0m 成交 53.5K (距现价 -3.4%)
  当日成交   CALL 694.6K / PUT 263.7K   C/P = [32m2.63[0m
  存量持仓   CALL 125.8K / PUT 7.2K   C/P = 17.47
  全链成交/持仓 = [32m7.20x[0m   （>1 说明当日新建仓已超过存量）
[1m
按「成交/持仓比」排序 —— 今天钱在哪儿动[0m
[2m行权价     距现价   C成交   C持仓 C成交/持仓   P成交   P持仓   净成交  C/P成交       GEX[0m
[2m────────────────────────────────────────────────────────────────────────────────────────────────[0m
2026-09-03 09:21:12,706 | 34817 | 6163984384 | [open_context_base.py:521] on_disconnect: Disconnected: conn=0(1) reason=CallClose
377.5       -1.4%   50.8K    2.4K       [32m21.5[0m   29.2K      91    [32m21.6K[0m     1.74      7.8M
380.0       -0.8%  101.3K   11.3K        [32m9.0[0m   30.6K     210    [32m70.8K[0m     3.31     39.6M
375.0       -2.1%   72.6K   10.1K        [32m7.2[0m   41.2K     287    [32m31.4K[0m     1.76     31.1M
385.0       +0.5%   59.3K    6.6K        [32m9.0[0m    9.2K     305    [32m50.2K[0m     6.47     22.9M
370.0       -3.4%   42.8K   17.2K        [2m2.5[0m   53.5K    2.5K   [31m-10.7K[0m     0.80     37.3M
400.0       +4.4%  101.5K   18.8K        [32m5.4[0m    1.1K     154   [32m100.4K[0m    89.23     40.5M
[2m────────────────────────────────────────────────────────────────────────────────────────────────[0m
[2m◀ = 最接近现价的行权价   净成交 = C成交 − P成交   GEX>0 抑制波动 / <0 放大波动[0m
[2026-09-03 09:21:12] optflow 结束 rc=0
